Juli@DESKTOP-5V371NK MINGW64 /c/Green-Fox-2018/greenfox (master)
$ git status
On branch master
Untracked files:
  (use "git add <file>..." to include in what will be committed)

        first-task/

nothing added to commit but untracked files present (use "git add" to track)

Juli@DESKTOP-5V371NK MINGW64 /c/Green-Fox-2018/greenfox (master)
$ git commit -m "add first-task folder"
On branch master
Untracked files:
        first-task/

nothing added to commit but untracked files present

Juli@DESKTOP-5V371NK MINGW64 /c/Green-Fox-2018/greenfox (master)
$ git status
On branch master
Untracked files:
  (use "git add <file>..." to include in what will be committed)

        first-task/

nothing added to commit but untracked files present (use "git add" to track)

Juli@DESKTOP-5V371NK MINGW64 /c/Green-Fox-2018/greenfox (master)
$ git add first-task

Juli@DESKTOP-5V371NK MINGW64 /c/Green-Fox-2018/greenfox (master)
$ git status
On branch master
Changes to be committed:
  (use "git reset HEAD <file>..." to unstage)

        new file:   first-task/css/sytax.css
        new file:   first-task/image/pic.jpg
        new file:   first-task/index.html


Juli@DESKTOP-5V371NK MINGW64 /c/Green-Fox-2018/greenfox (master)
$ git diff

Juli@DESKTOP-5V371NK MINGW64 /c/Green-Fox-2018/greenfox (master)
$ git status
On branch master
Changes to be committed:
  (use "git reset HEAD <file>..." to unstage)

        new file:   first-task/css/sytax.css
        new file:   first-task/image/pic.jpg
        new file:   first-task/index.html


Juli@DESKTOP-5V371NK MINGW64 /c/Green-Fox-2018/greenfox (master)
$ git commit .
[master 76ed390] add first-task folder
 3 files changed, 0 insertions(+), 0 deletions(-)
 create mode 100644 first-task/css/sytax.css
 create mode 100644 first-task/image/pic.jpg
 create mode 100644 first-task/index.html

Juli@DESKTOP-5V371NK MINGW64 /c/Green-Fox-2018/greenfox (master)
$ git status
On branch master
nothing to commit, working tree clean

Juli@DESKTOP-5V371NK MINGW64 /c/Green-Fox-2018/greenfox (master)
$ git config --global user.username <L0riana>
bash: syntax error near unexpected token `newline'

Juli@DESKTOP-5V371NK MINGW64 /c/Green-Fox-2018/greenfox (master)
$ git config --global user.name <L0riana>
bash: syntax error near unexpected token `newline'

Juli@DESKTOP-5V371NK MINGW64 /c/Green-Fox-2018/greenfox (master)
$ git config --global user.username <Julianna Serly>
bash: syntax error near unexpected token `newline'

Juli@DESKTOP-5V371NK MINGW64 /c/Green-Fox-2018/greenfox (master)
$ git config --global user.username <L0riana>
bash: syntax error near unexpected token `newline'

Juli@DESKTOP-5V371NK MINGW64 /c/Green-Fox-2018/greenfox (master)
$ git config --global user.username 'L0riana'

Juli@DESKTOP-5V371NK MINGW64 /c/Green-Fox-2018/greenfox (master)
$ git config --global user.username
L0riana

Juli@DESKTOP-5V371NK MINGW64 /c/Green-Fox-2018/greenfox (master)
$ git remote add origin https://github.com/L0riana/greenfox.git

Juli@DESKTOP-5V371NK MINGW64 /c/Green-Fox-2018/greenfox (master)
$ git remote set-url origin ^C

Juli@DESKTOP-5V371NK MINGW64 /c/Green-Fox-2018/greenfox (master)
$ git remote set-url origin https://github.com/L0riana/greenfox.git

Juli@DESKTOP-5V371NK MINGW64 /c/Green-Fox-2018/greenfox (master)
$ git push origin master
Counting objects: 12, done.
Delta compression using up to 2 threads.
Compressing objects: 100% (5/5), done.
Writing objects: 100% (12/12), 901 bytes | 180.00 KiB/s, done.
Total 12 (delta 0), reused 0 (delta 0)
To https://github.com/L0riana/greenfox.git
 * [new branch]      master -> master

Juli@DESKTOP-5V371NK MINGW64 /c/Green-Fox-2018/greenfox (master)
$ cd ..

Juli@DESKTOP-5V371NK MINGW64 /c/Green-Fox-2018
$ git clone https://github.com/L0riana/patchwork
Cloning into 'patchwork'...
remote: Counting objects: 283559, done.
remote: Compressing objects: 100% (32/32), done.
remote: Total 283559 (delta 15), reused 13 (delta 2), pack-reused 283522
Receiving objects: 100% (283559/283559), 110.04 MiB | 623.00 KiB/s, done.
Resolving deltas: 100% (127798/127798), done.

Juli@DESKTOP-5V371NK MINGW64 /c/Green-Fox-2018
$ cd patchwork

Juli@DESKTOP-5V371NK MINGW64 /c/Green-Fox-2018/patchwork (gh-pages)
$ git remote -v
origin  https://github.com/L0riana/patchwork (fetch)
origin  https://github.com/L0riana/patchwork (push)

Juli@DESKTOP-5V371NK MINGW64 /c/Green-Fox-2018/patchwork (gh-pages)
$ git remote add upstream https://github.com/jlord/patchwork.git

Juli@DESKTOP-5V371NK MINGW64 /c/Green-Fox-2018/patchwork (gh-pages)
$ git remote -v
origin  https://github.com/L0riana/patchwork (fetch)
origin  https://github.com/L0riana/patchwork (push)
upstream        https://github.com/jlord/patchwork.git (fetch)
upstream        https://github.com/jlord/patchwork.git (push)

Juli@DESKTOP-5V371NK MINGW64 /c/Green-Fox-2018/patchwork (gh-pages)
$ cd ..

Juli@DESKTOP-5V371NK MINGW64 /c/Green-Fox-2018
$ git clone https://github.com/L0riana/git-lesson-repository
Cloning into 'git-lesson-repository'...
remote: Counting objects: 21, done.
remote: Total 21 (delta 0), reused 0 (delta 0), pack-reused 21
Unpacking objects: 100% (21/21), done.

Juli@DESKTOP-5V371NK MINGW64 /c/Green-Fox-2018
$ ls
'2018-02- Macrotis calendar.xlsx'
'2018-02 Macrotis cohort- Github usernames and technology preference.xlsx'
 books/
'ELTE informatikai szotar.pdf'
 git-lesson-repository/
 greenfox/
'h·zi feladat'/
 patchwork/
 readme.txt
'Serly Julianna Personal Wiki.xlsx'
'Serly Julianna Personal Wiki.xlsx.gsheet'
'typing test.png'
 VSC/

Juli@DESKTOP-5V371NK MINGW64 /c/Green-Fox-2018
$ cd git-lesson-repository

Juli@DESKTOP-5V371NK MINGW64 /c/Green-Fox-2018/git-lesson-repository (master)
$ git remote -v
origin  https://github.com/L0riana/git-lesson-repository (fetch)
origin  https://github.com/L0riana/git-lesson-repository (push)

Juli@DESKTOP-5V371NK MINGW64 /c/Green-Fox-2018/git-lesson-repository (master)
$ cd git-lesson-repository
bash: cd: git-lesson-repository: No such file or directory

Juli@DESKTOP-5V371NK MINGW64 /c/Green-Fox-2018/git-lesson-repository (master)
$ ls
css/  images/  index.html  README.md  tasks.txt

Juli@DESKTOP-5V371NK MINGW64 /c/Green-Fox-2018/git-lesson-repository (master)
$ cd css

Juli@DESKTOP-5V371NK MINGW64 /c/Green-Fox-2018/git-lesson-repository/css (master )
$ cd ..

Juli@DESKTOP-5V371NK MINGW64 /c/Green-Fox-2018/git-lesson-repository (master)
$ cd images

Juli@DESKTOP-5V371NK MINGW64 /c/Green-Fox-2018/git-lesson-repository/images (mas ter)
$ ls
1.jpg  2.jpg  3.jpg  4.jpg  5.jpg

Juli@DESKTOP-5V371NK MINGW64 /c/Green-Fox-2018/git-lesson-repository/images (mas ter)
$ cd ..

Juli@DESKTOP-5V371NK MINGW64 /c/Green-Fox-2018/git-lesson-repository (master)
$ ls
css/  images/  index.html  README.md  tasks.txt

Juli@DESKTOP-5V371NK MINGW64 /c/Green-Fox-2018/git-lesson-repository (master)
$ cp index.html about.html

Juli@DESKTOP-5V371NK MINGW64 /c/Green-Fox-2018/git-lesson-repository (master)
$ ls
about.html  css/  images/  index.html  README.md  tasks.txt

Juli@DESKTOP-5V371NK MINGW64 /c/Green-Fox-2018/git-lesson-repository (master)
$ mkdir temp_images

Juli@DESKTOP-5V371NK MINGW64 /c/Green-Fox-2018/git-lesson-repository (master)
$ cp images/{1.jpg,2.jpg} temp_images

Juli@DESKTOP-5V371NK MINGW64 /c/Green-Fox-2018/git-lesson-repository (master)
$ ls
about.html  css/  images/  index.html  README.md  tasks.txt  temp_images/

Juli@DESKTOP-5V371NK MINGW64 /c/Green-Fox-2018/git-lesson-repository (master)
$ cd images

Juli@DESKTOP-5V371NK MINGW64 /c/Green-Fox-2018/git-lesson-repository/images (mas ter)
$ cd ..

Juli@DESKTOP-5V371NK MINGW64 /c/Green-Fox-2018/git-lesson-repository (master)
$ cd temp_images

Juli@DESKTOP-5V371NK MINGW64 /c/Green-Fox-2018/git-lesson-repository/temp_images  (master)
$ ls
1.jpg  2.jpg

Juli@DESKTOP-5V371NK MINGW64 /c/Green-Fox-2018/git-lesson-repository/temp_images  (master)
$ cd ..

Juli@DESKTOP-5V371NK MINGW64 /c/Green-Fox-2018/git-lesson-repository (master)
$ cp images/.jpg temp_images
cp: cannot stat 'images/.jpg': No such file or directory

Juli@DESKTOP-5V371NK MINGW64 /c/Green-Fox-2018/git-lesson-repository (master)
$ cp images/*.jpg temp_images

Juli@DESKTOP-5V371NK MINGW64 /c/Green-Fox-2018/git-lesson-repository (master)
$ cd images

Juli@DESKTOP-5V371NK MINGW64 /c/Green-Fox-2018/git-lesson-repository/images (mas ter)
$ ls
1.jpg  2.jpg  3.jpg  4.jpg  5.jpg

Juli@DESKTOP-5V371NK MINGW64 /c/Green-Fox-2018/git-lesson-repository/images (mas ter)
$ cd ..

Juli@DESKTOP-5V371NK MINGW64 /c/Green-Fox-2018/git-lesson-repository (master)
$ cd css

Juli@DESKTOP-5V371NK MINGW64 /c/Green-Fox-2018/git-lesson-repository/css (master )
$ ls
6.jpg  7.jpg  about.css  main.css

Juli@DESKTOP-5V371NK MINGW64 /c/Green-Fox-2018/git-lesson-repository/css (master )
$ cd ..

Juli@DESKTOP-5V371NK MINGW64 /c/Green-Fox-2018/git-lesson-repository (master)
$ mv css/6.jpg images

Juli@DESKTOP-5V371NK MINGW64 /c/Green-Fox-2018/git-lesson-repository (master)
$ cd images

Juli@DESKTOP-5V371NK MINGW64 /c/Green-Fox-2018/git-lesson-repository/images (mas ter)
$ ls
1.jpg  2.jpg  3.jpg  4.jpg  5.jpg  6.jpg

Juli@DESKTOP-5V371NK MINGW64 /c/Green-Fox-2018/git-lesson-repository/images (mas ter)
$ cd ..

Juli@DESKTOP-5V371NK MINGW64 /c/Green-Fox-2018/git-lesson-repository (master)
$ rm css/7.jpg

Juli@DESKTOP-5V371NK MINGW64 /c/Green-Fox-2018/git-lesson-repository (master)
$ cd css

Juli@DESKTOP-5V371NK MINGW64 /c/Green-Fox-2018/git-lesson-repository/css (master )
$ ls
about.css  main.css

Juli@DESKTOP-5V371NK MINGW64 /c/Green-Fox-2018/git-lesson-repository/css (master )
$ cd..
bash: cd..: command not found

Juli@DESKTOP-5V371NK MINGW64 /c/Green-Fox-2018/git-lesson-repository/css (master )
$ cd ..

Juli@DESKTOP-5V371NK MINGW64 /c/Green-Fox-2018/git-lesson-repository (master)
$ ls
about.html  css/  images/  index.html  README.md  tasks.txt  temp_images/

Juli@DESKTOP-5V371NK MINGW64 /c/Green-Fox-2018/git-lesson-repository (master)
$ git status
On branch master
Your branch is up to date with 'origin/master'.

Changes not staged for commit:
  (use "git add/rm <file>..." to update what will be committed)
  (use "git checkout -- <file>..." to discard changes in working directory)

        deleted:    css/6.jpg
        deleted:    css/7.jpg

Untracked files:
  (use "git add <file>..." to include in what will be committed)

        about.html
        images/6.jpg
        temp_images/

no changes added to commit (use "git add" and/or "git commit -a")

Juli@DESKTOP-5V371NK MINGW64 /c/Green-Fox-2018/git-lesson-repository (master)
$ git commit -m "w1d3 task to commit all changes of the git lesson repo"
On branch master
Your branch is up to date with 'origin/master'.

Changes not staged for commit:
        deleted:    css/6.jpg
        deleted:    css/7.jpg

Untracked files:
        about.html
        images/6.jpg
        temp_images/

no changes added to commit

Juli@DESKTOP-5V371NK MINGW64 /c/Green-Fox-2018/git-lesson-repository (master)
$ git add .

Juli@DESKTOP-5V371NK MINGW64 /c/Green-Fox-2018/git-lesson-repository (master)
$ git status
On branch master
Your branch is up to date with 'origin/master'.

Changes to be committed:
  (use "git reset HEAD <file>..." to unstage)

        new file:   about.html
        renamed:    css/6.jpg -> images/6.jpg
        renamed:    css/7.jpg -> temp_images/1.jpg
        new file:   temp_images/2.jpg
        new file:   temp_images/3.jpg
        new file:   temp_images/4.jpg
        new file:   temp_images/5.jpg


Juli@DESKTOP-5V371NK MINGW64 /c/Green-Fox-2018/git-lesson-repository (master)
$ git commit -m "w1d3 task to commit all changes of the git lesson repo"
[master 4e223e2] w1d3 task to commit all changes of the git lesson repo
 7 files changed, 10 insertions(+)
 create mode 100644 about.html
 rename {css => images}/6.jpg (100%)
 rename css/7.jpg => temp_images/1.jpg (100%)
 create mode 100644 temp_images/2.jpg
 create mode 100644 temp_images/3.jpg
 create mode 100644 temp_images/4.jpg
 create mode 100644 temp_images/5.jpg

Juli@DESKTOP-5V371NK MINGW64 /c/Green-Fox-2018/git-lesson-repository (master)
$ git push origin master
Counting objects: 4, done.
Delta compression using up to 2 threads.
Compressing objects: 100% (4/4), done.
Writing objects: 100% (4/4), 532 bytes | 266.00 KiB/s, done.
Total 4 (delta 1), reused 0 (delta 0)
remote: Resolving deltas: 100% (1/1), completed with 1 local object.
To https://github.com/L0riana/git-lesson-repository
   1955f08..4e223e2  master -> master

Juli@DESKTOP-5V371NK MINGW64 /c/Green-Fox-2018/git-lesson-repository (master)
$ cd ..

Juli@DESKTOP-5V371NK MINGW64 /c/Green-Fox-2018
$ echo "# greenfox" >> readme.md

Juli@DESKTOP-5V371NK MINGW64 /c/Green-Fox-2018
$ echo "# greenfox" >> readme.txt

Juli@DESKTOP-5V371NK MINGW64 /c/Green-Fox-2018
$ start readme.txt

Juli@DESKTOP-5V371NK MINGW64 /c/Green-Fox-2018
$ cat readme.txt
Hello!# greenfox

Juli@DESKTOP-5V371NK MINGW64 /c/Green-Fox-2018
$ touch catanddogs.txt

Juli@DESKTOP-5V371NK MINGW64 /c/Green-Fox-2018
$ cat readme.txt > catanddogs.txt

Juli@DESKTOP-5V371NK MINGW64 /c/Green-Fox-2018
$ cat catanddogs.txt
Hello!# greenfox

Juli@DESKTOP-5V371NK MINGW64 /c/Green-Fox-2018
$ cat > felines.txt
This is not about a feline.

Juli@DESKTOP-5V371NK MINGW64 /c/Green-Fox-2018
$ ls
 books/           git-lesson-repository/   not-to-git/   VSC/
 catanddogs.txt   greenfox/                patchwork/
 felines.txt     'h·zi feladat'/           readme.txt

Juli@DESKTOP-5V371NK MINGW64 /c/Green-Fox-2018
$ start felines.txt

Juli@DESKTOP-5V371NK MINGW64 /c/Green-Fox-2018
$ cat felines.txt
This is not about a feline.

Juli@DESKTOP-5V371NK MINGW64 /c/Green-Fox-2018
$ start index.html
The system cannot find the file index.html.

Juli@DESKTOP-5V371NK MINGW64 /c/Green-Fox-2018
$ touch index.html

Juli@DESKTOP-5V371NK MINGW64 /c/Green-Fox-2018
$ cat > index.html
This is to count the words in this file.

Juli@DESKTOP-5V371NK MINGW64 /c/Green-Fox-2018
$ grep -c "word" index.html
0

Juli@DESKTOP-5V371NK MINGW64 /c/Green-Fox-2018
$ greg -c "to"
bash: greg: command not found

Juli@DESKTOP-5V371NK MINGW64 /c/Green-Fox-2018
$ grep -c "to" index.html
0

Juli@DESKTOP-5V371NK MINGW64 /c/Green-Fox-2018
$ grep 'word' index.html

Juli@DESKTOP-5V371NK MINGW64 /c/Green-Fox-2018
$ grep word index.html

Juli@DESKTOP-5V371NK MINGW64 /c/Green-Fox-2018
$ wc index.html
0 0 0 index.html

Juli@DESKTOP-5V371NK MINGW64 /c/Green-Fox-2018
$ start index.html

Juli@DESKTOP-5V371NK MINGW64 /c/Green-Fox-2018
$ ls
 books/           git-lesson-repository/   index.html    readme.txt
 catanddogs.txt   greenfox/                not-to-git/   VSC/
 felines.txt     'h·zi feladat'/           patchwork/

Juli@DESKTOP-5V371NK MINGW64 /c/Green-Fox-2018
$ cd VSC

Juli@DESKTOP-5V371NK MINGW64 /c/Green-Fox-2018/VSC
$ ls
week1/

Juli@DESKTOP-5V371NK MINGW64 /c/Green-Fox-2018/VSC
$ cs week1
bash: cs: command not found

Juli@DESKTOP-5V371NK MINGW64 /c/Green-Fox-2018/VSC
$ cd week1

Juli@DESKTOP-5V371NK MINGW64 /c/Green-Fox-2018/VSC/week1
$ ls
day-01/  day-02/  day-03/

Juli@DESKTOP-5V371NK MINGW64 /c/Green-Fox-2018/VSC/week1
$ cd day-02

Juli@DESKTOP-5V371NK MINGW64 /c/Green-Fox-2018/VSC/week1/day-02
$ ls
index.html  index0.css  index1.html  road.jpeg  style.css  workshop/

Juli@DESKTOP-5V371NK MINGW64 /c/Green-Fox-2018/VSC/week1/day-02
$ wc index.html
  31  282 2085 index.html

Juli@DESKTOP-5V371NK MINGW64 /c/Green-Fox-2018/VSC/week1/day-02
$ wc -l -w -c -m -L index.html
  31  282 2081 2085  235 index.html

Juli@DESKTOP-5V371NK MINGW64 /c/Green-Fox-2018/VSC/week1/day-02
$ cd ../../..

Juli@DESKTOP-5V371NK MINGW64 /c/Green-Fox-2018
$ ls
 books/           git-lesson-repository/   index.html    readme.txt
 catanddogs.txt   greenfox/                not-to-git/   VSC/
 felines.txt     'h·zi feladat'/           patchwork/

Juli@DESKTOP-5V371NK MINGW64 /c/Green-Fox-2018
$ cd git-lesson-repository

Juli@DESKTOP-5V371NK MINGW64 /c/Green-Fox-2018/git-lesson-repository (master)
$ ls
about.html  css/  images/  index.html  README.md  tasks.txt  temp_images/

Juli@DESKTOP-5V371NK MINGW64 /c/Green-Fox-2018/git-lesson-repository (master)
$ cd ..

Juli@DESKTOP-5V371NK MINGW64 /c/Green-Fox-2018
$ start index.html

Juli@DESKTOP-5V371NK MINGW64 /c/Green-Fox-2018
$ start index.txt
The system cannot find the file index.txt.

Juli@DESKTOP-5V371NK MINGW64 /c/Green-Fox-2018
$ touch sort.txt

Juli@DESKTOP-5V371NK MINGW64 /c/Green-Fox-2018
$ start sort.txt

Juli@DESKTOP-5V371NK MINGW64 /c/Green-Fox-2018
$ sort sort.txt
alma
barack
eper
malna
vorosafonya

Juli@DESKTOP-5V371NK MINGW64 /c/Green-Fox-2018
$ cd greenfox

Juli@DESKTOP-5V371NK MINGW64 /c/Green-Fox-2018/greenfox (master)
$ echo "copy to file" >> readme.txt

Juli@DESKTOP-5V371NK MINGW64 /c/Green-Fox-2018/greenfox (master)
$ cat readme.txt
Hello!
this is a new linecopy to file

Juli@DESKTOP-5V371NK MINGW64 /c/Green-Fox-2018/greenfox (master)
$ cat readtme.txt >> redirect.txt
cat: readtme.txt: No such file or directory

Juli@DESKTOP-5V371NK MINGW64 /c/Green-Fox-2018/greenfox (master)
$ cat readme.tat > redirect.txt
cat: readme.tat: No such file or directory

Juli@DESKTOP-5V371NK MINGW64 /c/Green-Fox-2018/greenfox (master)
$ cat readme.txt > redirext.txt

Juli@DESKTOP-5V371NK MINGW64 /c/Green-Fox-2018/greenfox (master)
$ cat redirext.txt
Hello!
this is a new linecopy to file

Juli@DESKTOP-5V371NK MINGW64 /c/Green-Fox-2018/greenfox (master)
$ wc index.html
wc: index.html: No such file or directory

Juli@DESKTOP-5V371NK MINGW64 /c/Green-Fox-2018/greenfox (master)
$ cat readme.txt > redirect.txt

Juli@DESKTOP-5V371NK MINGW64 /c/Green-Fox-2018/greenfox (master)
$ rm redirext.txt

Juli@DESKTOP-5V371NK MINGW64 /c/Green-Fox-2018/greenfox (master)
$ cd first-task

Juli@DESKTOP-5V371NK MINGW64 /c/Green-Fox-2018/greenfox/first-task (master)
$ wc index.html
0 0 0 index.html

Juli@DESKTOP-5V371NK MINGW64 /c/Green-Fox-2018/greenfox/first-task (master)
$ mk cat_read.txt
bash: mk: command not found

Juli@DESKTOP-5V371NK MINGW64 /c/Green-Fox-2018/greenfox/first-task (master)
$ touch cat_read.txt

Juli@DESKTOP-5V371NK MINGW64 /c/Green-Fox-2018/greenfox/first-task (master)
$ start cat_read.txt

Juli@DESKTOP-5V371NK MINGW64 /c/Green-Fox-2018/greenfox/first-task (master)
$ cat cat_read.txt | less

Juli@DESKTOP-5V371NK MINGW64 /c/Green-Fox-2018/greenfox/first-task (master)
$ wc cat_read.txt
  32  497 2775 cat_read.txt

Juli@DESKTOP-5V371NK MINGW64 /c/Green-Fox-2018/greenfox/first-task (master)
$ touch sorting.txt

Juli@DESKTOP-5V371NK MINGW64 /c/Green-Fox-2018/greenfox/first-task (master)
$ start sorting.txt

Juli@DESKTOP-5V371NK MINGW64 /c/Green-Fox-2018/greenfox/first-task (master)
$ sort sorting.txt
alma
banan
barack
eper
malna
meggy

Juli@DESKTOP-5V371NK MINGW64 /c/Green-Fox-2018/greenfox/first-task (master)
$ start sorting.txt

Juli@DESKTOP-5V371NK MINGW64 /c/Green-Fox-2018/greenfox/first-task (master)
$ sort sorting.txt > sorted.txt

Juli@DESKTOP-5V371NK MINGW64 /c/Green-Fox-2018/greenfox/first-task (master)
$ start sorted.txt

Juli@DESKTOP-5V371NK MINGW64 /c/Green-Fox-2018/greenfox/first-task (master)
$ ls
cat_read.txt  css/  image/  index.html  sorted.txt  sorting.txt

Juli@DESKTOP-5V371NK MINGW64 /c/Green-Fox-2018/greenfox/first-task (master)
$ css
bash: css: command not found

Juli@DESKTOP-5V371NK MINGW64 /c/Green-Fox-2018/greenfox/first-task (master)
$ cd css

Juli@DESKTOP-5V371NK MINGW64 /c/Green-Fox-2018/greenfox/first-task/css (master)
$ ls
sytax.css

Juli@DESKTOP-5V371NK MINGW64 /c/Green-Fox-2018/greenfox/first-task/css (master)
$ ..d
bash: ..d: command not found

Juli@DESKTOP-5V371NK MINGW64 /c/Green-Fox-2018/greenfox/first-task/css (master)
$ cd ..

Juli@DESKTOP-5V371NK MINGW64 /c/Green-Fox-2018/greenfox/first-task (master)
$ cd ..

Juli@DESKTOP-5V371NK MINGW64 /c/Green-Fox-2018/greenfox (master)
$ cd ..

Juli@DESKTOP-5V371NK MINGW64 /c/Green-Fox-2018
$ ls
 books/           git-lesson-repository/   index.html    readme.txt
 catanddogs.txt   greenfox/                not-to-git/   sort.txt
 felines.txt     'h·zi feladat'/           patchwork/    VSC/

Juli@DESKTOP-5V371NK MINGW64 /c/Green-Fox-2018
$ cd git-lesson-repository

Juli@DESKTOP-5V371NK MINGW64 /c/Green-Fox-2018/git-lesson-repository (master)
$ ls
about.html  css/  images/  index.html  README.md  tasks.txt  temp_images/

Juli@DESKTOP-5V371NK MINGW64 /c/Green-Fox-2018/git-lesson-repository (master)
$ echo "copy to file" >> echostring.txt

Juli@DESKTOP-5V371NK MINGW64 /c/Green-Fox-2018/git-lesson-repository (master)
$ cat echostring.txt
copy to file

Juli@DESKTOP-5V371NK MINGW64 /c/Green-Fox-2018/git-lesson-repository (master)
$ cat echostring.txt > catredirect.txt

Juli@DESKTOP-5V371NK MINGW64 /c/Green-Fox-2018/git-lesson-repository (master)
$ cat catredirect.txt
copy to file

Juli@DESKTOP-5V371NK MINGW64 /c/Green-Fox-2018/git-lesson-repository (master)
$ wc index.html
 10  11 143 index.html

Juli@DESKTOP-5V371NK MINGW64 /c/Green-Fox-2018/git-lesson-repository (master)
$ cat index.html | less

Juli@DESKTOP-5V371NK MINGW64 /c/Green-Fox-2018/git-lesson-repository (master)
$ ls
about.html       css/            images/     README.md  temp_images/
catredirect.txt  echostring.txt  index.html  tasks.txt

Juli@DESKTOP-5V371NK MINGW64 /c/Green-Fox-2018/git-lesson-repository (master)
$ start echostring.txt

Juli@DESKTOP-5V371NK MINGW64 /c/Green-Fox-2018/git-lesson-repository (master)
$ start about.html

Juli@DESKTOP-5V371NK MINGW64 /c/Green-Fox-2018/git-lesson-repository (master)
$ start tasks.txt

Juli@DESKTOP-5V371NK MINGW64 /c/Green-Fox-2018/git-lesson-repository (master)
$ sort tasks.txt > tasks_sorted.txt

Juli@DESKTOP-5V371NK MINGW64 /c/Green-Fox-2018/git-lesson-repository (master)
$ ls
about.html       css/            images/     README.md  tasks_sorted.txt
catredirect.txt  echostring.txt  index.html  tasks.txt  temp_images/

Juli@DESKTOP-5V371NK MINGW64 /c/Green-Fox-2018/git-lesson-repository (master)
$ start tasks_sorted.txt

Juli@DESKTOP-5V371NK MINGW64 /c/Green-Fox-2018/git-lesson-repository (master)
$ sort tasks.txt
1 setup the environment
2 basic terminal operations
2 basic terminal operations
2 basic terminal operations
3 redirections
4 manipulations

Juli@DESKTOP-5V371NK MINGW64 /c/Green-Fox-2018/git-lesson-repository (master)
$ start tasks.txt

Juli@DESKTOP-5V371NK MINGW64 /c/Green-Fox-2018/git-lesson-repository (master)
$ tasks.txt
bash: tasks.txt: command not found

Juli@DESKTOP-5V371NK MINGW64 /c/Green-Fox-2018/git-lesson-repository (master)
$ cat tasks.txt
3 redirections
1 setup the environment
4 manipulations
2 basic terminal operations
2 basic terminal operations
2 basic terminal operations

Juli@DESKTOP-5V371NK MINGW64 /c/Green-Fox-2018/git-lesson-repository (master)
$ uniq --help
Usage: uniq [OPTION]... [INPUT [OUTPUT]]
Filter adjacent matching lines from INPUT (or standard input),
writing to OUTPUT (or standard output).

With no options, matching lines are merged to the first occurrence.

Mandatory arguments to long options are mandatory for short options too.
  -c, --count           prefix lines by the number of occurrences
  -d, --repeated        only print duplicate lines, one for each group
  -D                    print all duplicate lines
      --all-repeated[=METHOD]  like -D, but allow separating groups
                                 with an empty line;
                                 METHOD={none(default),prepend,separate}
  -f, --skip-fields=N   avoid comparing the first N fields
      --group[=METHOD]  show all items, separating groups with an empty line;
                          METHOD={separate(default),prepend,append,both}
  -i, --ignore-case     ignore differences in case when comparing
  -s, --skip-chars=N    avoid comparing the first N characters
  -u, --unique          only print unique lines
  -z, --zero-terminated     line delimiter is NUL, not newline
  -w, --check-chars=N   compare no more than N characters in lines
      --help     display this help and exit
      --version  output version information and exit

A field is a run of blanks (usually spaces and/or TABs), then non-blank
characters.  Fields are skipped before chars.

Note: 'uniq' does not detect repeated lines unless they are adjacent.
You may want to sort the input first, or use 'sort -u' without 'uniq'.
Also, comparisons honor the rules specified by 'LC_COLLATE'.

GNU coreutils online help: <http://www.gnu.org/software/coreutils/>
Report uniq translation bugs to <http://translationproject.org/team/>
Full documentation at: <http://www.gnu.org/software/coreutils/uniq>
or available locally via: info '(coreutils) uniq invocation'

Juli@DESKTOP-5V371NK MINGW64 /c/Green-Fox-2018/git-lesson-repository (master)
$ uniq tasks.txt
3 redirections
1 setup the environment
4 manipulations
2 basic terminal operations

Juli@DESKTOP-5V371NK MINGW64 /c/Green-Fox-2018/git-lesson-repository (master)
$ uniq tasks.txt > tasks_uniq.txt

Juli@DESKTOP-5V371NK MINGW64 /c/Green-Fox-2018/git-lesson-repository (master)
$ cat tasks_uniq.txt
3 redirections
1 setup the environment
4 manipulations
2 basic terminal operations

Juli@DESKTOP-5V371NK MINGW64 /c/Green-Fox-2018/git-lesson-repository (master)
$ cat --help
Usage: cat [OPTION]... [FILE]...
Concatenate FILE(s) to standard output.

With no FILE, or when FILE is -, read standard input.

  -A, --show-all           equivalent to -vET
  -b, --number-nonblank    number nonempty output lines, overrides -n
  -e                       equivalent to -vE
  -E, --show-ends          display $ at end of each line
  -n, --number             number all output lines
  -s, --squeeze-blank      suppress repeated empty output lines
  -t                       equivalent to -vT
  -T, --show-tabs          display TAB characters as ^I
  -u                       (ignored)
  -v, --show-nonprinting   use ^ and M- notation, except for LFD and TAB
      --help     display this help and exit
      --version  output version information and exit

Examples:
  cat f - g  Output f's contents, then standard input, then g's contents.
  cat        Copy standard input to standard output.

GNU coreutils online help: <http://www.gnu.org/software/coreutils/>
Report cat translation bugs to <http://translationproject.org/team/>
Full documentation at: <http://www.gnu.org/software/coreutils/cat>
or available locally via: info '(coreutils) cat invocation'

Juli@DESKTOP-5V371NK MINGW64 /c/Green-Fox-2018/git-lesson-repository (master)
$ mv --help
Usage: mv [OPTION]... [-T] SOURCE DEST
  or:  mv [OPTION]... SOURCE... DIRECTORY
  or:  mv [OPTION]... -t DIRECTORY SOURCE...
Rename SOURCE to DEST, or move SOURCE(s) to DIRECTORY.

Mandatory arguments to long options are mandatory for short options too.
      --backup[=CONTROL]       make a backup of each existing destination file
  -b                           like --backup but does not accept an argument
  -f, --force                  do not prompt before overwriting
  -i, --interactive            prompt before overwrite
  -n, --no-clobber             do not overwrite an existing file
If you specify more than one of -i, -f, -n, only the final one takes effect.
      --strip-trailing-slashes  remove any trailing slashes from each SOURCE
                                 argument
  -S, --suffix=SUFFIX          override the usual backup suffix
  -t, --target-directory=DIRECTORY  move all SOURCE arguments into DIRECTORY
  -T, --no-target-directory    treat DEST as a normal file
  -u, --update                 move only when the SOURCE file is newer
                                 than the destination file or when the
                                 destination file is missing
  -v, --verbose                explain what is being done
  -Z, --context                set SELinux security context of destination
                                 file to default type
      --help     display this help and exit
      --version  output version information and exit

The backup suffix is '~', unless set with --suffix or SIMPLE_BACKUP_SUFFIX.
The version control method may be selected via the --backup option or through
the VERSION_CONTROL environment variable.  Here are the values:

  none, off       never make backups (even if --backup is given)
  numbered, t     make numbered backups
  existing, nil   numbered if numbered backups exist, simple otherwise
  simple, never   always make simple backups

GNU coreutils online help: <http://www.gnu.org/software/coreutils/>
Report mv translation bugs to <http://translationproject.org/team/>
Full documentation at: <http://www.gnu.org/software/coreutils/mv>
or available locally via: info '(coreutils) mv invocation'

Juli@DESKTOP-5V371NK MINGW64 /c/Green-Fox-2018/git-lesson-repository (master)
$ mv tasks_uniq.txt tasks.txt

Juli@DESKTOP-5V371NK MINGW64 /c/Green-Fox-2018/git-lesson-repository (master)
$ cat tasks.txt
3 redirections
1 setup the environment
4 manipulations
2 basic terminal operations

Juli@DESKTOP-5V371NK MINGW64 /c/Green-Fox-2018/git-lesson-repository (master)
$ rm tasks
tasks.txt         tasks_sorted.txt

Juli@DESKTOP-5V371NK MINGW64 /c/Green-Fox-2018/git-lesson-repository (master)
$ ls
about.html       css/            images/     README.md  tasks_sorted.txt
catredirect.txt  echostring.txt  index.html  tasks.txt  temp_images/

Juli@DESKTOP-5V371NK MINGW64 /c/Green-Fox-2018/git-lesson-repository (master)
$ cat tasks.txt
3 redirections
1 setup the environment
4 manipulations
2 basic terminal operations

Juli@DESKTOP-5V371NK MINGW64 /c/Green-Fox-2018/git-lesson-repository (master)
$ grep "basic" tasks.txt
2 basic terminal operations

Juli@DESKTOP-5V371NK MINGW64 /c/Green-Fox-2018/git-lesson-repository (master)
$ cat tasks.txt
3 redirections
1 setup the environment
4 manipulations
2 basic terminal operations

Juli@DESKTOP-5V371NK MINGW64 /c/Green-Fox-2018/git-lesson-repository (master)
$ grep -v "basic" tasks.txt
3 redirections
1 setup the environment
4 manipulations

Juli@DESKTOP-5V371NK MINGW64 /c/Green-Fox-2018/git-lesson-repository (master)
$ cat tasks.txt
3 redirections
1 setup the environment
4 manipulations
2 basic terminal operations

Juli@DESKTOP-5V371NK MINGW64 /c/Green-Fox-2018/git-lesson-repository (master)
$ grep -v taskst.txt


Juli@DESKTOP-5V371NK MINGW64 /c/Green-Fox-2018/git-lesson-repository (master)
$ grep -v tasks.txt


Juli@DESKTOP-5V371NK MINGW64 /c/Green-Fox-2018/git-lesson-repository (master)
$ grep --help
Usage: grep [OPTION]... PATTERN [FILE]...
Search for PATTERN in each FILE or standard input.
PATTERN is, by default, a basic regular expression (BRE).
Example: grep -i 'hello world' menu.h main.c

Regexp selection and interpretation:
  -E, --extended-regexp     PATTERN is an extended regular expression (ERE)
  -F, --fixed-strings       PATTERN is a set of newline-separated strings
  -G, --basic-regexp        PATTERN is a basic regular expression (BRE)
  -P, --perl-regexp         PATTERN is a Perl regular expression
  -e, --regexp=PATTERN      use PATTERN for matching
  -f, --file=FILE           obtain PATTERN from FILE
  -i, --ignore-case         ignore case distinctions
  -w, --word-regexp         force PATTERN to match only whole words
  -x, --line-regexp         force PATTERN to match only whole lines
  -z, --null-data           a data line ends in 0 byte, not newline

Miscellaneous:
  -s, --no-messages         suppress error messages
  -v, --invert-match        select non-matching lines
  -V, --version             display version information and exit
      --help                display this help text and exit

Output control:
  -m, --max-count=NUM       stop after NUM matches
  -b, --byte-offset         print the byte offset with output lines
  -n, --line-number         print line number with output lines
      --line-buffered       flush output on every line
  -H, --with-filename       print the file name for each match
  -h, --no-filename         suppress the file name prefix on output
      --label=LABEL         use LABEL as the standard input file name prefix
  -o, --only-matching       show only the part of a line matching PATTERN
  -q, --quiet, --silent     suppress all normal output
      --binary-files=TYPE   assume that binary files are TYPE;
                            TYPE is 'binary', 'text', or 'without-match'
  -a, --text                equivalent to --binary-files=text
  -I                        equivalent to --binary-files=without-match
  -d, --directories=ACTION  how to handle directories;
                            ACTION is 'read', 'recurse', or 'skip'
  -D, --devices=ACTION      how to handle devices, FIFOs and sockets;
                            ACTION is 'read' or 'skip'
  -r, --recursive           like --directories=recurse
  -R, --dereference-recursive  likewise, but follow all symlinks
      --include=FILE_PATTERN  search only files that match FILE_PATTERN
      --exclude=FILE_PATTERN  skip files and directories matching FILE_PATTERN
      --exclude-from=FILE   skip files matching any file pattern from FILE
      --exclude-dir=PATTERN  directories that match PATTERN will be skipped.
  -L, --files-without-match  print only names of FILEs containing no match
  -l, --files-with-matches  print only names of FILEs containing matches
  -c, --count               print only a count of matching lines per FILE
  -T, --initial-tab         make tabs line up (if needed)
  -Z, --null                print 0 byte after FILE name

Context control:
  -B, --before-context=NUM  print NUM lines of leading context
  -A, --after-context=NUM   print NUM lines of trailing context
  -C, --context=NUM         print NUM lines of output context
  -NUM                      same as --context=NUM
      --color[=WHEN],
      --colour[=WHEN]       use markers to highlight the matching strings;
                            WHEN is 'always', 'never', or 'auto'
  -U, --binary              do not strip CR characters at EOL (MSDOS/Windows)
  -u, --unix-byte-offsets   report offsets as if CRs were not there
                            (MSDOS/Windows)

'egrep' means 'grep -E'.  'fgrep' means 'grep -F'.
Direct invocation as either 'egrep' or 'fgrep' is deprecated.
When FILE is -, read standard input.  With no FILE, read . if a command-line
-r is given, - otherwise.  If fewer than two FILEs are given, assume -h.
Exit status is 0 if any line is selected, 1 otherwise;
if any error occurs and -q is not given, the exit status is 2.

Report bugs to: bug-grep@gnu.org
GNU grep home page: <http://www.gnu.org/software/grep/>
General help using GNU software: <http://www.gnu.org/gethelp/>

Juli@DESKTOP-5V371NK MINGW64 /c/Green-Fox-2018/git-lesson-repository (master)
$ cat tasks.txt
3 redirections
1 setup the environment
4 manipulations
2 basic terminal operations

Juli@DESKTOP-5V371NK MINGW64 /c/Green-Fox-2018/git-lesson-repository (master)
$ grep -v "basic" tasks.txt
3 redirections
1 setup the environment
4 manipulations

Juli@DESKTOP-5V371NK MINGW64 /c/Green-Fox-2018/git-lesson-repository (master)
$ grep "basic" tasks.txt
2 basic terminal operations

Juli@DESKTOP-5V371NK MINGW64 /c/Green-Fox-2018/git-lesson-repository (master)
$ git status
On branch master
Your branch is up to date with 'origin/master'.

Changes not staged for commit:
  (use "git add <file>..." to update what will be committed)
  (use "git checkout -- <file>..." to discard changes in working directory)

        modified:   tasks.txt

Untracked files:
  (use "git add <file>..." to include in what will be committed)

        catredirect.txt
        echostring.txt
        tasks_sorted.txt

no changes added to commit (use "git add" and/or "git commit -a")

Juli@DESKTOP-5V371NK MINGW64 /c/Green-Fox-2018/git-lesson-repository (master)
$ git add .
warning: LF will be replaced by CRLF in catredirect.txt.
The file will have its original line endings in your working directory.
warning: LF will be replaced by CRLF in echostring.txt.
The file will have its original line endings in your working directory.

Juli@DESKTOP-5V371NK MINGW64 /c/Green-Fox-2018/git-lesson-repository (master)
$ git status
On branch master
Your branch is up to date with 'origin/master'.

Changes to be committed:
  (use "git reset HEAD <file>..." to unstage)

        new file:   catredirect.txt
        new file:   echostring.txt
        modified:   tasks.txt
        new file:   tasks_sorted.txt


Juli@DESKTOP-5V371NK MINGW64 /c/Green-Fox-2018/git-lesson-repository (master)
$ git commit -m "w1d3 end of redirections tasks"
[master a4c3de6] w1d3 end of redirections tasks
 4 files changed, 8 insertions(+), 2 deletions(-)
 create mode 100644 catredirect.txt
 create mode 100644 echostring.txt
 create mode 100644 tasks_sorted.txt

Juli@DESKTOP-5V371NK MINGW64 /c/Green-Fox-2018/git-lesson-repository (master)
$ git push origin master
Counting objects: 5, done.
Delta compression using up to 2 threads.
Compressing objects: 100% (4/4), done.
Writing objects: 100% (5/5), 615 bytes | 205.00 KiB/s, done.
Total 5 (delta 2), reused 0 (delta 0)
remote: Resolving deltas: 100% (2/2), completed with 1 local object.
To https://github.com/L0riana/git-lesson-repository
   4e223e2..a4c3de6  master -> master

Juli@DESKTOP-5V371NK MINGW64 /c/Green-Fox-2018/git-lesson-repository (master)
$ cd ..

Juli@DESKTOP-5V371NK MINGW64 /c/Green-Fox-2018
$ mkdir L0riana

Juli@DESKTOP-5V371NK MINGW64 /c/Green-Fox-2018
$ cd L0riana

Juli@DESKTOP-5V371NK MINGW64 /c/Green-Fox-2018/L0riana
$ echo "# L0riana" >> README.md

Juli@DESKTOP-5V371NK MINGW64 /c/Green-Fox-2018/L0riana
$ git init
Initialized empty Git repository in C:/Green-Fox-2018/L0riana/.git/

Juli@DESKTOP-5V371NK MINGW64 /c/Green-Fox-2018/L0riana (master)
$ git add README.md
warning: LF will be replaced by CRLF in README.md.
The file will have its original line endings in your working directory.

Juli@DESKTOP-5V371NK MINGW64 /c/Green-Fox-2018/L0riana (master)
$ git commit -m "first commit"
[master (root-commit) eb24982] first commit
 1 file changed, 1 insertion(+)
 create mode 100644 README.md

Juli@DESKTOP-5V371NK MINGW64 /c/Green-Fox-2018/L0riana (master)
$ git remote add origin https://github.com/greenfox-academy/L0riana.git

Juli@DESKTOP-5V371NK MINGW64 /c/Green-Fox-2018/L0riana (master)
$ git push -u origin master
Counting objects: 3, done.
Writing objects: 100% (3/3), 220 bytes | 110.00 KiB/s, done.
Total 3 (delta 0), reused 0 (delta 0)
To https://github.com/greenfox-academy/L0riana.git
 * [new branch]      master -> master
Branch 'master' set up to track remote branch 'master' from 'origin'.

Juli@DESKTOP-5V371NK MINGW64 /c/Green-Fox-2018/L0riana (master)
$ Å
